// Jest Snapshot v1, https://goo.gl/fbAQLP

exports[`components Calculator component is working 1`] = `
<div
  className="secondary-container"
>
  <div
    className="wrapper"
  >
    <div
      className="column"
    >
       
      <h1
        className="title"
      >
        Let’s do some math!
      </h1>
    </div>
    <div
      className="column"
    >
      <div
        className="wrapper"
        title="calculator-frame-title"
      >
        <div
          className="display"
          max={70}
          mode="single"
          title="display-title"
        >
          <p>
            0
          </p>
        </div>
        <div
          className="buttonBox"
          title="button-box-title"
        >
          <button
            onClick={[Function]}
            title="button-title"
            type="button"
          >
            AC
          </button>
          <button
            onClick={[Function]}
            title="button-title"
            type="button"
          >
            +/-
          </button>
          <button
            onClick={[Function]}
            title="button-title"
            type="button"
          >
            %
          </button>
          <button
            onClick={[Function]}
            title="button-title"
            type="button"
          >
            ÷
          </button>
          <button
            onClick={[Function]}
            title="button-title"
            type="button"
          >
            7
          </button>
          <button
            onClick={[Function]}
            title="button-title"
            type="button"
          >
            8
          </button>
          <button
            onClick={[Function]}
            title="button-title"
            type="button"
          >
            9
          </button>
          <button
            onClick={[Function]}
            title="button-title"
            type="button"
          >
            x
          </button>
          <button
            onClick={[Function]}
            title="button-title"
            type="button"
          >
            4
          </button>
          <button
            onClick={[Function]}
            title="button-title"
            type="button"
          >
            5
          </button>
          <button
            onClick={[Function]}
            title="button-title"
            type="button"
          >
            6
          </button>
          <button
            onClick={[Function]}
            title="button-title"
            type="button"
          >
            -
          </button>
          <button
            onClick={[Function]}
            title="button-title"
            type="button"
          >
            1
          </button>
          <button
            onClick={[Function]}
            title="button-title"
            type="button"
          >
            2
          </button>
          <button
            onClick={[Function]}
            title="button-title"
            type="button"
          >
            3
          </button>
          <button
            onClick={[Function]}
            title="button-title"
            type="button"
          >
            +
          </button>
          <button
            onClick={[Function]}
            title="button-title"
            type="button"
          >
            0
          </button>
          <button
            onClick={[Function]}
            title="button-title"
            type="button"
          >
            .
          </button>
          <button
            onClick={[Function]}
            title="button-title"
            type="button"
          >
            =
          </button>
        </div>
      </div>
    </div>
  </div>
</div>
`;
